✅ POD_Fortran 开发环境已激活
   DACE:      /home/songyu/local_dace
   OpenBLAS:  /home/songyu/local_openblas
   Project:   /home/songyu/fortran_test/POD_Fortran
Project is up to date
[2026-07-14 18:33:15] HALO SRP 10day sigma=0.05 batch prepared
run_id=20260714_183315
out_root=output/2026_07_for_wy
base_config=config/config.txt
particles=100000
da_order=4
max_parallel=4
srp_mean=0.0
srp_sigma=0.05
dt_seconds=864000
dry_run=0
opm_count=12
[2026-07-14 18:33:16] START orbit=L1Halo-1 init=L1Halo-1_init srp10day
[2026-07-14 18:33:16] START orbit=L1Halo-1 init=L1Halo-1_init2 srp10day
[2026-07-14 18:33:16] START orbit=L1Halo-2 init=L1Halo-2_init srp10day
[2026-07-14 18:33:16] START orbit=L1Halo-2 init=L1Halo-2_init2 srp10day
[2026-07-14 18:36:01] DONE  orbit=L1Halo-1 init=L1Halo-1_init2 srp10day
[2026-07-14 18:36:02] DONE  orbit=L1Halo-2 init=L1Halo-2_init2 srp10day
[2026-07-14 18:36:02] DONE  orbit=L1Halo-2 init=L1Halo-2_init srp10day
[2026-07-14 18:36:05] DONE  orbit=L1Halo-1 init=L1Halo-1_init srp10day
[2026-07-14 18:36:10] START orbit=L1Halo-3 init=L1Halo-3_init srp10day
[2026-07-14 18:36:10] START orbit=L1Halo-3 init=L1Halo-3_init2 srp10day
[2026-07-14 18:36:10] START orbit=L2Halo-1 init=L2Halo-1_init srp10day
[2026-07-14 18:36:10] START orbit=L2Halo-1 init=L2Halo-1_init2 srp10day
[2026-07-14 18:39:02] DONE  orbit=L1Halo-3 init=L1Halo-3_init2 srp10day
[2026-07-14 18:39:02] DONE  orbit=L2Halo-1 init=L2Halo-1_init srp10day
[2026-07-14 18:39:02] DONE  orbit=L1Halo-3 init=L1Halo-3_init srp10day
[2026-07-14 18:39:02] DONE  orbit=L2Halo-1 init=L2Halo-1_init2 srp10day
[2026-07-14 18:39:05] START orbit=L2Halo-2 init=L2Halo-2_init srp10day
[2026-07-14 18:39:05] START orbit=L2Halo-2 init=L2Halo-2_init2 srp10day
[2026-07-14 18:39:05] START orbit=L2Halo-3 init=L2Halo-3_init srp10day
[2026-07-14 18:39:05] START orbit=L2Halo-3 init=L2Halo-3_init2 srp10day
[2026-07-14 18:41:57] DONE  orbit=L2Halo-3 init=L2Halo-3_init2 srp10day
[2026-07-14 18:41:57] DONE  orbit=L2Halo-2 init=L2Halo-2_init2 srp10day
[2026-07-14 18:41:57] DONE  orbit=L2Halo-2 init=L2Halo-2_init srp10day
[2026-07-14 18:43:01] DONE  orbit=L2Halo-3 init=L2Halo-3_init srp10day
[2026-07-14 18:43:01] HALO SRP 10day sigma=0.05 batch finished status=0 total=12 skipped=0
✅ POD_Fortran 开发环境已激活
   DACE:      /home/songyu/local_dace
   OpenBLAS:  /home/songyu/local_openblas
   Project:   /home/songyu/fortran_test/POD_Fortran
Project is up to date
[2026-07-14 19:50:34] HALO SRP 10day sigma=0.05 batch prepared
run_id=20260714_195034
out_root=output/2026_07_for_wy_nominal_srp
base_config=config/config.txt
particles=100000
da_order=4
max_parallel=4
srp_mean=0.0
srp_sigma=0.05
dt_seconds=864000
dry_run=0
opm_count=12
[2026-07-14 19:50:34] START orbit=L1Halo-1 init=L1Halo-1_init srp10day
[2026-07-14 19:50:34] START orbit=L1Halo-1 init=L1Halo-1_init2 srp10day
[2026-07-14 19:50:34] START orbit=L1Halo-2 init=L1Halo-2_init srp10day
[2026-07-14 19:50:34] START orbit=L1Halo-2 init=L1Halo-2_init2 srp10day
[2026-07-14 19:53:12] DONE  orbit=L1Halo-1 init=L1Halo-1_init2 srp10day
[2026-07-14 19:53:13] DONE  orbit=L1Halo-2 init=L1Halo-2_init2 srp10day
[2026-07-14 19:53:16] START orbit=L1Halo-3 init=L1Halo-3_init srp10day
[2026-07-14 19:53:16] START orbit=L1Halo-3 init=L1Halo-3_init2 srp10day
[2026-07-15 01:53:35] DONE  orbit=L1Halo-1 init=L1Halo-1_init srp10day
[2026-07-15 09:21:26] START orbit=L2Halo-1 init=L2Halo-1_init srp10day
[2026-07-15 09:21:31] DONE  orbit=L1Halo-2 init=L1Halo-2_init srp10day
[2026-07-15 09:21:37] START orbit=L2Halo-1 init=L2Halo-1_init2 srp10day
[2026-07-15 09:22:40] DONE  orbit=L1Halo-3 init=L1Halo-3_init2 srp10day
[2026-07-15 09:22:43] START orbit=L2Halo-2 init=L2Halo-2_init srp10day
[2026-07-15 09:22:53] DONE  orbit=L1Halo-3 init=L1Halo-3_init srp10day
[2026-07-15 09:22:54] START orbit=L2Halo-2 init=L2Halo-2_init2 srp10day
[2026-07-15 09:23:08] DONE  orbit=L2Halo-1 init=L2Halo-1_init2 srp10day
[2026-07-15 09:23:12] DONE  orbit=L2Halo-1 init=L2Halo-1_init srp10day
[2026-07-15 09:23:14] START orbit=L2Halo-3 init=L2Halo-3_init srp10day
[2026-07-15 09:23:14] START orbit=L2Halo-3 init=L2Halo-3_init2 srp10day
[2026-07-15 09:25:25] DONE  orbit=L2Halo-2 init=L2Halo-2_init srp10day
[2026-07-15 09:26:07] DONE  orbit=L2Halo-3 init=L2Halo-3_init srp10day
[2026-07-15 09:26:53] DONE  orbit=L2Halo-2 init=L2Halo-2_init2 srp10day
[2026-07-15 09:27:12] DONE  orbit=L2Halo-3 init=L2Halo-3_init2 srp10day
[2026-07-15 09:27:12] HALO SRP 10day sigma=0.05 batch finished status=0 total=12 skipped=0
✅ POD_Fortran 开发环境已激活
   DACE:      /home/songyu/local_dace
   OpenBLAS:  /home/songyu/local_openblas
   Project:   /home/songyu/fortran_test/POD_Fortran
Project is up to date
[2026-07-15 09:56:54] HALO SRP 10day sigma=0.05 batch prepared
run_id=20260715_095654
out_root=output/2026_07_for_wy_nominal_srp
base_config=config/config.txt
particles=100000
da_order=4
max_parallel=4
srp_mean=0.0
srp_sigma=0.05
dt_seconds=864000
dry_run=0
opm_count=12
[2026-07-15 09:56:54] START orbit=L1Halo-1 init=L1Halo-1_init srp10day
[2026-07-15 09:56:54] START orbit=L1Halo-1 init=L1Halo-1_init2 srp10day
[2026-07-15 09:56:54] START orbit=L1Halo-2 init=L1Halo-2_init srp10day
[2026-07-15 09:56:54] START orbit=L1Halo-2 init=L1Halo-2_init2 srp10day
Project is up to date
Launching 12 parallel SRP-UQ tasks...
run_id=srp_10day_sigma005
out_root=output/2026_07_for_wy
dt=864000 sigma=0.05 particles=100000 da_order=4
Waiting for all tasks to complete...
[2026-07-15 10:00:56] DONE  orbit=L1Halo-1 init=L1Halo-1_init2 srp10day
[2026-07-15 10:01:00] DONE  orbit=L1Halo-2 init=L1Halo-2_init2 srp10day
[2026-07-15 10:01:04] START orbit=L1Halo-3 init=L1Halo-3_init srp10day
[2026-07-15 10:01:04] START orbit=L1Halo-3 init=L1Halo-3_init2 srp10day
[2026-07-15 10:01:07] DONE  orbit=L1Halo-2 init=L1Halo-2_init srp10day
[2026-07-15 10:01:14] START orbit=L2Halo-1 init=L2Halo-1_init srp10day
[2026-07-15 10:01:23] DONE  orbit=L1Halo-1 init=L1Halo-1_init srp10day
[2026-07-15 10:01:24] START orbit=L2Halo-1 init=L2Halo-1_init2 srp10day
[OK] L1Halo-1/L1Halo-1_init
[OK] L1Halo-1/L1Halo-1_init2
[OK] L1Halo-2/L1Halo-2_init
[OK] L1Halo-2/L1Halo-2_init2
[OK] L1Halo-3/L1Halo-3_init
[OK] L1Halo-3/L1Halo-3_init2
[OK] L2Halo-1/L2Halo-1_init
[OK] L2Halo-1/L2Halo-1_init2
[OK] L2Halo-2/L2Halo-2_init
[OK] L2Halo-2/L2Halo-2_init2
[OK] L2Halo-3/L2Halo-3_init
[OK] L2Halo-3/L2Halo-3_init2

SRP 10day sigma=0.05 complete: 12/12 passed, 0 failed, skipped: 0
[2026-07-15 10:04:54] DONE  orbit=L1Halo-3 init=L1Halo-3_init2 srp10day
[2026-07-15 10:04:55] START orbit=L2Halo-2 init=L2Halo-2_init srp10day
[2026-07-15 10:04:56] DONE  orbit=L1Halo-3 init=L1Halo-3_init srp10day
[2026-07-15 10:04:59] DONE  orbit=L2Halo-1 init=L2Halo-1_init srp10day
[2026-07-15 10:05:05] START orbit=L2Halo-2 init=L2Halo-2_init2 srp10day
[2026-07-15 10:05:05] START orbit=L2Halo-3 init=L2Halo-3_init srp10day
[2026-07-15 10:06:02] DONE  orbit=L2Halo-1 init=L2Halo-1_init2 srp10day
[2026-07-15 10:06:05] START orbit=L2Halo-3 init=L2Halo-3_init2 srp10day
[2026-07-15 10:08:20] DONE  orbit=L2Halo-3 init=L2Halo-3_init srp10day
[2026-07-15 10:08:21] DONE  orbit=L2Halo-2 init=L2Halo-2_init srp10day
[2026-07-15 10:08:21] DONE  orbit=L2Halo-2 init=L2Halo-2_init2 srp10day
[2026-07-15 10:09:08] DONE  orbit=L2Halo-3 init=L2Halo-3_init2 srp10day
[2026-07-15 10:09:08] HALO SRP 10day sigma=0.05 batch finished status=0 total=12 skipped=0
Project is up to date
Launching 12 parallel SRP-UQ tasks...
run_id=srp_10day_sigma005
out_root=output/2026_07_for_wy
dt=864000 sigma=0.05 particles=100000 da_order=4
Waiting for all tasks to complete...
[OK] L1Halo-1/L1Halo-1_init
[OK] L1Halo-1/L1Halo-1_init2
[OK] L1Halo-2/L1Halo-2_init
[OK] L1Halo-2/L1Halo-2_init2
[OK] L1Halo-3/L1Halo-3_init
[OK] L1Halo-3/L1Halo-3_init2
[OK] L2Halo-1/L2Halo-1_init
[OK] L2Halo-1/L2Halo-1_init2
[OK] L2Halo-2/L2Halo-2_init
[OK] L2Halo-2/L2Halo-2_init2
[OK] L2Halo-3/L2Halo-3_init
[OK] L2Halo-3/L2Halo-3_init2

SRP 10day sigma=0.05 complete: 12/12 passed, 0 failed, skipped: 0
Project is up to date
Launching 12 parallel SRP-UQ tasks...
run_id=srp_10day_sigma005
out_root=output/2026_07_for_wy
dt=864000 sigma=0.05 particles=100000 da_order=4
Waiting for all tasks to complete...
✅ POD_Fortran 开发环境已激活
   DACE:      /home/songyu/local_dace
   OpenBLAS:  /home/songyu/local_openblas
   Project:   /home/songyu/fortran_test/POD_Fortran
Project is up to date
[2026-07-15 14:28:32] HALO nominal SRP 10day batch prepared
run_id=20260715_142831
out_root=output/2026_07_for_wy_nominal_srp
base_config=config/config.txt
particles=100000
da_order=4
max_parallel=20
dt_seconds=864000
dry_run=0
opm_count=12
[2026-07-15 14:28:32] START orbit=L1Halo-1 init=L1Halo-1_init2 nominalSrp10day
[2026-07-15 14:28:32] START orbit=L1Halo-1 init=L1Halo-1_init nominalSrp10day
[2026-07-15 14:28:32] START orbit=L1Halo-2 init=L1Halo-2_init nominalSrp10day
[2026-07-15 14:28:32] START orbit=L1Halo-2 init=L1Halo-2_init2 nominalSrp10day
[2026-07-15 14:28:32] START orbit=L1Halo-3 init=L1Halo-3_init nominalSrp10day
[2026-07-15 14:28:32] START orbit=L2Halo-1 init=L2Halo-1_init nominalSrp10day
[2026-07-15 14:28:32] START orbit=L1Halo-3 init=L1Halo-3_init2 nominalSrp10day
[2026-07-15 14:28:32] START orbit=L2Halo-2 init=L2Halo-2_init nominalSrp10day
[2026-07-15 14:28:32] START orbit=L2Halo-1 init=L2Halo-1_init2 nominalSrp10day
[2026-07-15 14:28:32] START orbit=L2Halo-2 init=L2Halo-2_init2 nominalSrp10day
[2026-07-15 14:28:32] START orbit=L2Halo-3 init=L2Halo-3_init nominalSrp10day
[2026-07-15 14:28:32] START orbit=L2Halo-3 init=L2Halo-3_init2 nominalSrp10day
[2026-07-15 14:33:05] DONE  orbit=L1Halo-3 init=L1Halo-3_init2 nominalSrp10day
[2026-07-15 14:33:15] DONE  orbit=L2Halo-1 init=L2Halo-1_init nominalSrp10day
[2026-07-15 14:33:18] DONE  orbit=L1Halo-1 init=L1Halo-1_init nominalSrp10day
[2026-07-15 14:33:19] DONE  orbit=L1Halo-1 init=L1Halo-1_init2 nominalSrp10day
[2026-07-15 14:33:21] DONE  orbit=L1Halo-2 init=L1Halo-2_init2 nominalSrp10day
[2026-07-15 14:33:22] DONE  orbit=L2Halo-3 init=L2Halo-3_init2 nominalSrp10day
[2026-07-15 14:33:29] DONE  orbit=L2Halo-2 init=L2Halo-2_init nominalSrp10day
[2026-07-15 14:33:36] DONE  orbit=L2Halo-3 init=L2Halo-3_init nominalSrp10day
[2026-07-15 14:33:40] DONE  orbit=L2Halo-2 init=L2Halo-2_init2 nominalSrp10day
[2026-07-15 14:33:43] DONE  orbit=L1Halo-2 init=L1Halo-2_init nominalSrp10day
[2026-07-15 14:33:45] DONE  orbit=L1Halo-3 init=L1Halo-3_init nominalSrp10day
[2026-07-15 14:33:45] DONE  orbit=L2Halo-1 init=L2Halo-1_init2 nominalSrp10day
[2026-07-15 14:33:45] HALO nominal SRP 10day batch finished status=0 total=12 skipped=0
[OK] L1Halo-1/L1Halo-1_init
[OK] L1Halo-1/L1Halo-1_init2
[OK] L1Halo-2/L1Halo-2_init
[OK] L1Halo-2/L1Halo-2_init2
[OK] L1Halo-3/L1Halo-3_init
[OK] L1Halo-3/L1Halo-3_init2
[OK] L2Halo-1/L2Halo-1_init
[OK] L2Halo-1/L2Halo-1_init2
[OK] L2Halo-2/L2Halo-2_init
[OK] L2Halo-2/L2Halo-2_init2
[OK] L2Halo-3/L2Halo-3_init
[OK] L2Halo-3/L2Halo-3_init2

SRP 10day sigma=0.05 complete: 12/12 passed, 0 failed, skipped: 0
✅ POD_Fortran 开发环境已激活
   DACE:      /home/songyu/local_dace
   OpenBLAS:  /home/songyu/local_openblas
   Project:   /home/songyu/fortran_test/POD_Fortran
[2026-07-15 19:05:18] HALO init-only nominal SRP sweep prepared
run_id=20260715_190518
out_root=output/2026_07_for_wy_nominal_srp_sweep
base_config=config/config.txt
particles=100000
da_order=4
max_parallel=20
dt_list=432000 864000 1296000 1728000
opm_count=6
case_count=24
dry_run=0
Project is up to date
[2026-07-15 19:05:18] START orbit=L1Halo-1 init=L1Halo-1_init dt=432000 nominalSrp
[2026-07-15 19:05:18] START orbit=L1Halo-1 init=L1Halo-1_init dt=864000 nominalSrp
[2026-07-15 19:05:18] START orbit=L1Halo-1 init=L1Halo-1_init dt=1296000 nominalSrp
[2026-07-15 19:05:18] START orbit=L1Halo-1 init=L1Halo-1_init dt=1728000 nominalSrp
[2026-07-15 19:05:18] START orbit=L1Halo-2 init=L1Halo-2_init dt=432000 nominalSrp
[2026-07-15 19:05:18] START orbit=L1Halo-2 init=L1Halo-2_init dt=864000 nominalSrp
[2026-07-15 19:05:18] START orbit=L1Halo-2 init=L1Halo-2_init dt=1296000 nominalSrp
[2026-07-15 19:05:18] START orbit=L1Halo-2 init=L1Halo-2_init dt=1728000 nominalSrp
[2026-07-15 19:05:18] START orbit=L1Halo-3 init=L1Halo-3_init dt=432000 nominalSrp
[2026-07-15 19:05:18] START orbit=L1Halo-3 init=L1Halo-3_init dt=864000 nominalSrp
[2026-07-15 19:05:18] START orbit=L1Halo-3 init=L1Halo-3_init dt=1296000 nominalSrp
[2026-07-15 19:05:18] START orbit=L1Halo-3 init=L1Halo-3_init dt=1728000 nominalSrp
[2026-07-15 19:05:18] START orbit=L2Halo-1 init=L2Halo-1_init dt=432000 nominalSrp
[2026-07-15 19:05:18] START orbit=L2Halo-1 init=L2Halo-1_init dt=864000 nominalSrp
[2026-07-15 19:05:18] START orbit=L2Halo-1 init=L2Halo-1_init dt=1296000 nominalSrp
[2026-07-15 19:05:18] START orbit=L2Halo-2 init=L2Halo-2_init dt=864000 nominalSrp
[2026-07-15 19:05:18] START orbit=L2Halo-1 init=L2Halo-1_init dt=1728000 nominalSrp
[2026-07-15 19:05:18] START orbit=L2Halo-2 init=L2Halo-2_init dt=432000 nominalSrp
[2026-07-15 19:05:18] START orbit=L2Halo-2 init=L2Halo-2_init dt=1296000 nominalSrp
[2026-07-15 19:05:18] START orbit=L2Halo-2 init=L2Halo-2_init dt=1728000 nominalSrp
[2026-07-15 19:06:57] DONE  orbit=L2Halo-1 init=L2Halo-1_init dt=432000 nominalSrp
[2026-07-15 19:07:00] START orbit=L2Halo-3 init=L2Halo-3_init dt=432000 nominalSrp
[2026-07-15 19:07:05] DONE  orbit=L1Halo-2 init=L1Halo-2_init dt=432000 nominalSrp
[2026-07-15 19:07:10] START orbit=L2Halo-3 init=L2Halo-3_init dt=864000 nominalSrp
[2026-07-15 19:07:30] DONE  orbit=L2Halo-2 init=L2Halo-2_init dt=432000 nominalSrp
[2026-07-15 19:07:30] START orbit=L2Halo-3 init=L2Halo-3_init dt=1296000 nominalSrp
[2026-07-15 19:07:42] DONE  orbit=L1Halo-3 init=L1Halo-3_init dt=432000 nominalSrp
[2026-07-15 19:07:47] DONE  orbit=L1Halo-1 init=L1Halo-1_init dt=432000 nominalSrp
[2026-07-15 19:07:51] START orbit=L2Halo-3 init=L2Halo-3_init dt=1728000 nominalSrp
[2026-07-15 19:08:32] DONE  orbit=L2Halo-2 init=L2Halo-2_init dt=864000 nominalSrp
[2026-07-15 19:08:45] DONE  orbit=L1Halo-2 init=L1Halo-2_init dt=864000 nominalSrp
[2026-07-15 19:08:46] DONE  orbit=L2Halo-3 init=L2Halo-3_init dt=432000 nominalSrp
[2026-07-15 19:08:49] DONE  orbit=L1Halo-3 init=L1Halo-3_init dt=864000 nominalSrp
[2026-07-15 19:08:54] DONE  orbit=L1Halo-1 init=L1Halo-1_init dt=864000 nominalSrp
[2026-07-15 19:09:08] DONE  orbit=L2Halo-1 init=L2Halo-1_init dt=864000 nominalSrp
[2026-07-15 19:09:55] DONE  orbit=L1Halo-1 init=L1Halo-1_init dt=1296000 nominalSrp
[2026-07-15 19:10:13] DONE  orbit=L1Halo-3 init=L1Halo-3_init dt=1296000 nominalSrp
[2026-07-15 19:10:15] DONE  orbit=L1Halo-2 init=L1Halo-2_init dt=1296000 nominalSrp
[2026-07-15 19:10:19] DONE  orbit=L2Halo-3 init=L2Halo-3_init dt=864000 nominalSrp
[2026-07-15 19:10:46] DONE  orbit=L2Halo-1 init=L2Halo-1_init dt=1296000 nominalSrp
[2026-07-15 19:10:46] DONE  orbit=L2Halo-2 init=L2Halo-2_init dt=1296000 nominalSrp
[2026-07-15 19:11:03] DONE  orbit=L1Halo-2 init=L1Halo-2_init dt=1728000 nominalSrp
[2026-07-15 19:11:21] DONE  orbit=L1Halo-1 init=L1Halo-1_init dt=1728000 nominalSrp
[2026-07-15 19:11:25] DONE  orbit=L2Halo-2 init=L2Halo-2_init dt=1728000 nominalSrp
[2026-07-15 19:11:33] DONE  orbit=L2Halo-3 init=L2Halo-3_init dt=1296000 nominalSrp
[2026-07-15 19:11:47] DONE  orbit=L2Halo-1 init=L2Halo-1_init dt=1728000 nominalSrp
[2026-07-15 19:12:14] DONE  orbit=L1Halo-3 init=L1Halo-3_init dt=1728000 nominalSrp
[2026-07-15 19:12:41] DONE  orbit=L2Halo-3 init=L2Halo-3_init dt=1728000 nominalSrp
[2026-07-15 19:12:41] HALO init-only nominal SRP sweep finished status=0 cases=24
✅ POD_Fortran 开发环境已激活
   DACE:      /home/songyu/local_dace
   OpenBLAS:  /home/songyu/local_openblas
   Project:   /home/songyu/fortran_test/POD_Fortran
[2026-07-15 19:32:35] HALO RADEC batch prepared
run_id=20260715_193228
input_roots=output/2026_07_for_wy_srp_sweep output/2026_07_for_wy_nominal_srp_sweep
batch_root=output/2026_07_for_wy_radec_batch
station_id=R91
site_json=config/site-used.json
base_config=config/config.txt
max_parallel=20
use_degrees=1
particles_count=120
case_count=120
skipped=0
dry_run=0
Project is up to date
[2026-07-15 19:32:36] START radec orbit=L1Halo-1 dt=1296000 input=output/2026_07_for_wy_nominal_srp_sweep/L1Halo-1/L1Halo-1_init_nominalSrp_dt_1296000_n100000_o4_particles.csv
[2026-07-15 19:32:36] START radec orbit=L1Halo-1 dt=1728000 input=output/2026_07_for_wy_nominal_srp_sweep/L1Halo-1/L1Halo-1_init_nominalSrp_dt_1728000_n100000_o4_particles.csv
[2026-07-15 19:32:36] START radec orbit=L1Halo-1 dt=432000 input=output/2026_07_for_wy_nominal_srp_sweep/L1Halo-1/L1Halo-1_init_nominalSrp_dt_432000_n100000_o4_particles.csv
[2026-07-15 19:32:36] START radec orbit=L1Halo-1 dt=864000 input=output/2026_07_for_wy_nominal_srp_sweep/L1Halo-1/L1Halo-1_init_nominalSrp_dt_864000_n100000_o4_particles.csv
[2026-07-15 19:32:36] START radec orbit=L1Halo-2 dt=1296000 input=output/2026_07_for_wy_nominal_srp_sweep/L1Halo-2/L1Halo-2_init_nominalSrp_dt_1296000_n100000_o4_particles.csv
[2026-07-15 19:32:36] START radec orbit=L1Halo-2 dt=1728000 input=output/2026_07_for_wy_nominal_srp_sweep/L1Halo-2/L1Halo-2_init_nominalSrp_dt_1728000_n100000_o4_particles.csv
[2026-07-15 19:32:36] START radec orbit=L1Halo-2 dt=432000 input=output/2026_07_for_wy_nominal_srp_sweep/L1Halo-2/L1Halo-2_init_nominalSrp_dt_432000_n100000_o4_particles.csv
[2026-07-15 19:32:36] START radec orbit=L1Halo-2 dt=864000 input=output/2026_07_for_wy_nominal_srp_sweep/L1Halo-2/L1Halo-2_init_nominalSrp_dt_864000_n100000_o4_particles.csv
[2026-07-15 19:32:36] START radec orbit=L1Halo-3 dt=1296000 input=output/2026_07_for_wy_nominal_srp_sweep/L1Halo-3/L1Halo-3_init_nominalSrp_dt_1296000_n100000_o4_particles.csv
[2026-07-15 19:32:36] START radec orbit=L1Halo-3 dt=1728000 input=output/2026_07_for_wy_nominal_srp_sweep/L1Halo-3/L1Halo-3_init_nominalSrp_dt_1728000_n100000_o4_particles.csv
[2026-07-15 19:32:36] START radec orbit=L1Halo-3 dt=432000 input=output/2026_07_for_wy_nominal_srp_sweep/L1Halo-3/L1Halo-3_init_nominalSrp_dt_432000_n100000_o4_particles.csv
[2026-07-15 19:32:36] START radec orbit=L1Halo-3 dt=864000 input=output/2026_07_for_wy_nominal_srp_sweep/L1Halo-3/L1Halo-3_init_nominalSrp_dt_864000_n100000_o4_particles.csv
[2026-07-15 19:32:36] START radec orbit=L2Halo-1 dt=1296000 input=output/2026_07_for_wy_nominal_srp_sweep/L2Halo-1/L2Halo-1_init_nominalSrp_dt_1296000_n100000_o4_particles.csv
[2026-07-15 19:32:36] START radec orbit=L2Halo-1 dt=1728000 input=output/2026_07_for_wy_nominal_srp_sweep/L2Halo-1/L2Halo-1_init_nominalSrp_dt_1728000_n100000_o4_particles.csv
[2026-07-15 19:32:36] START radec orbit=L2Halo-1 dt=432000 input=output/2026_07_for_wy_nominal_srp_sweep/L2Halo-1/L2Halo-1_init_nominalSrp_dt_432000_n100000_o4_particles.csv
[2026-07-15 19:32:36] START radec orbit=L2Halo-2 dt=1296000 input=output/2026_07_for_wy_nominal_srp_sweep/L2Halo-2/L2Halo-2_init_nominalSrp_dt_1296000_n100000_o4_particles.csv
[2026-07-15 19:32:36] START radec orbit=L2Halo-1 dt=864000 input=output/2026_07_for_wy_nominal_srp_sweep/L2Halo-1/L2Halo-1_init_nominalSrp_dt_864000_n100000_o4_particles.csv
[2026-07-15 19:32:36] START radec orbit=L2Halo-2 dt=1728000 input=output/2026_07_for_wy_nominal_srp_sweep/L2Halo-2/L2Halo-2_init_nominalSrp_dt_1728000_n100000_o4_particles.csv
[2026-07-15 19:32:36] START radec orbit=L2Halo-2 dt=432000 input=output/2026_07_for_wy_nominal_srp_sweep/L2Halo-2/L2Halo-2_init_nominalSrp_dt_432000_n100000_o4_particles.csv
[2026-07-15 19:32:36] START radec orbit=L2Halo-2 dt=864000 input=output/2026_07_for_wy_nominal_srp_sweep/L2Halo-2/L2Halo-2_init_nominalSrp_dt_864000_n100000_o4_particles.csv
[2026-07-15 19:32:40] DONE  radec orbit=L1Halo-3 dt=432000 output=output/2026_07_for_wy_nominal_srp_sweep/L1Halo-3/L1Halo-3_init_nominalSrp_dt_432000_n100000_o4_radec_R91_deg.csv
[2026-07-15 19:32:40] DONE  radec orbit=L2Halo-1 dt=1728000 output=output/2026_07_for_wy_nominal_srp_sweep/L2Halo-1/L2Halo-1_init_nominalSrp_dt_1728000_n100000_o4_radec_R91_deg.csv
[2026-07-15 19:32:40] DONE  radec orbit=L2Halo-1 dt=432000 output=output/2026_07_for_wy_nominal_srp_sweep/L2Halo-1/L2Halo-1_init_nominalSrp_dt_432000_n100000_o4_radec_R91_deg.csv
[2026-07-15 19:32:40] DONE  radec orbit=L1Halo-3 dt=1728000 output=output/2026_07_for_wy_nominal_srp_sweep/L1Halo-3/L1Halo-3_init_nominalSrp_dt_1728000_n100000_o4_radec_R91_deg.csv
[2026-07-15 19:32:40] DONE  radec orbit=L1Halo-1 dt=432000 output=output/2026_07_for_wy_nominal_srp_sweep/L1Halo-1/L1Halo-1_init_nominalSrp_dt_432000_n100000_o4_radec_R91_deg.csv
[2026-07-15 19:32:40] DONE  radec orbit=L2Halo-1 dt=864000 output=output/2026_07_for_wy_nominal_srp_sweep/L2Halo-1/L2Halo-1_init_nominalSrp_dt_864000_n100000_o4_radec_R91_deg.csv
[2026-07-15 19:32:40] DONE  radec orbit=L1Halo-2 dt=1728000 output=output/2026_07_for_wy_nominal_srp_sweep/L1Halo-2/L1Halo-2_init_nominalSrp_dt_1728000_n100000_o4_radec_R91_deg.csv
[2026-07-15 19:32:40] DONE  radec orbit=L1Halo-2 dt=1296000 output=output/2026_07_for_wy_nominal_srp_sweep/L1Halo-2/L1Halo-2_init_nominalSrp_dt_1296000_n100000_o4_radec_R91_deg.csv
[2026-07-15 19:32:40] DONE  radec orbit=L2Halo-1 dt=1296000 output=output/2026_07_for_wy_nominal_srp_sweep/L2Halo-1/L2Halo-1_init_nominalSrp_dt_1296000_n100000_o4_radec_R91_deg.csv
[2026-07-15 19:32:40] DONE  radec orbit=L1Halo-1 dt=1296000 output=output/2026_07_for_wy_nominal_srp_sweep/L1Halo-1/L1Halo-1_init_nominalSrp_dt_1296000_n100000_o4_radec_R91_deg.csv
[2026-07-15 19:32:40] DONE  radec orbit=L2Halo-2 dt=432000 output=output/2026_07_for_wy_nominal_srp_sweep/L2Halo-2/L2Halo-2_init_nominalSrp_dt_432000_n100000_o4_radec_R91_deg.csv
[2026-07-15 19:32:40] DONE  radec orbit=L2Halo-2 dt=864000 output=output/2026_07_for_wy_nominal_srp_sweep/L2Halo-2/L2Halo-2_init_nominalSrp_dt_864000_n100000_o4_radec_R91_deg.csv
[2026-07-15 19:32:41] DONE  radec orbit=L1Halo-1 dt=1728000 output=output/2026_07_for_wy_nominal_srp_sweep/L1Halo-1/L1Halo-1_init_nominalSrp_dt_1728000_n100000_o4_radec_R91_deg.csv
[2026-07-15 19:32:41] DONE  radec orbit=L1Halo-3 dt=864000 output=output/2026_07_for_wy_nominal_srp_sweep/L1Halo-3/L1Halo-3_init_nominalSrp_dt_864000_n100000_o4_radec_R91_deg.csv
[2026-07-15 19:32:41] DONE  radec orbit=L1Halo-2 dt=432000 output=output/2026_07_for_wy_nominal_srp_sweep/L1Halo-2/L1Halo-2_init_nominalSrp_dt_432000_n100000_o4_radec_R91_deg.csv
[2026-07-15 19:32:41] DONE  radec orbit=L1Halo-1 dt=864000 output=output/2026_07_for_wy_nominal_srp_sweep/L1Halo-1/L1Halo-1_init_nominalSrp_dt_864000_n100000_o4_radec_R91_deg.csv
[2026-07-15 19:32:41] DONE  radec orbit=L1Halo-2 dt=864000 output=output/2026_07_for_wy_nominal_srp_sweep/L1Halo-2/L1Halo-2_init_nominalSrp_dt_864000_n100000_o4_radec_R91_deg.csv
[2026-07-15 19:32:41] DONE  radec orbit=L1Halo-3 dt=1296000 output=output/2026_07_for_wy_nominal_srp_sweep/L1Halo-3/L1Halo-3_init_nominalSrp_dt_1296000_n100000_o4_radec_R91_deg.csv
[2026-07-15 19:32:41] DONE  radec orbit=L2Halo-2 dt=1296000 output=output/2026_07_for_wy_nominal_srp_sweep/L2Halo-2/L2Halo-2_init_nominalSrp_dt_1296000_n100000_o4_radec_R91_deg.csv
[2026-07-15 19:32:41] DONE  radec orbit=L2Halo-2 dt=1728000 output=output/2026_07_for_wy_nominal_srp_sweep/L2Halo-2/L2Halo-2_init_nominalSrp_dt_1728000_n100000_o4_radec_R91_deg.csv
[2026-07-15 19:32:46] START radec orbit=L2Halo-3 dt=1296000 input=output/2026_07_for_wy_nominal_srp_sweep/L2Halo-3/L2Halo-3_init_nominalSrp_dt_1296000_n100000_o4_particles.csv
[2026-07-15 19:32:46] START radec orbit=L2Halo-3 dt=1728000 input=output/2026_07_for_wy_nominal_srp_sweep/L2Halo-3/L2Halo-3_init_nominalSrp_dt_1728000_n100000_o4_particles.csv
[2026-07-15 19:32:46] START radec orbit=L2Halo-3 dt=432000 input=output/2026_07_for_wy_nominal_srp_sweep/L2Halo-3/L2Halo-3_init_nominalSrp_dt_432000_n100000_o4_particles.csv
[2026-07-15 19:32:46] START radec orbit=L2Halo-3 dt=864000 input=output/2026_07_for_wy_nominal_srp_sweep/L2Halo-3/L2Halo-3_init_nominalSrp_dt_864000_n100000_o4_particles.csv
[2026-07-15 19:32:46] START radec orbit=L1Halo-1 dt=1296000 input=output/2026_07_for_wy_srp_sweep/L1Halo-1/L1Halo-1_init_srpMean_0p0_srpSigma_0p01_dt_1296000_n100000_o4_particles.csv
[2026-07-15 19:32:46] START radec orbit=L1Halo-1 dt=1728000 input=output/2026_07_for_wy_srp_sweep/L1Halo-1/L1Halo-1_init_srpMean_0p0_srpSigma_0p01_dt_1728000_n100000_o4_particles.csv
[2026-07-15 19:32:46] START radec orbit=L1Halo-1 dt=432000 input=output/2026_07_for_wy_srp_sweep/L1Halo-1/L1Halo-1_init_srpMean_0p0_srpSigma_0p01_dt_432000_n100000_o4_particles.csv
[2026-07-15 19:32:46] START radec orbit=L1Halo-1 dt=864000 input=output/2026_07_for_wy_srp_sweep/L1Halo-1/L1Halo-1_init_srpMean_0p0_srpSigma_0p01_dt_864000_n100000_o4_particles.csv
[2026-07-15 19:32:46] START radec orbit=L1Halo-1 dt=1296000 input=output/2026_07_for_wy_srp_sweep/L1Halo-1/L1Halo-1_init_srpMean_0p0_srpSigma_0p05_dt_1296000_n100000_o4_particles.csv
[2026-07-15 19:32:46] START radec orbit=L1Halo-1 dt=1728000 input=output/2026_07_for_wy_srp_sweep/L1Halo-1/L1Halo-1_init_srpMean_0p0_srpSigma_0p05_dt_1728000_n100000_o4_particles.csv
[2026-07-15 19:32:46] START radec orbit=L1Halo-1 dt=432000 input=output/2026_07_for_wy_srp_sweep/L1Halo-1/L1Halo-1_init_srpMean_0p0_srpSigma_0p05_dt_432000_n100000_o4_particles.csv
[2026-07-15 19:32:46] START radec orbit=L1Halo-1 dt=864000 input=output/2026_07_for_wy_srp_sweep/L1Halo-1/L1Halo-1_init_srpMean_0p0_srpSigma_0p05_dt_864000_n100000_o4_particles.csv
[2026-07-15 19:32:46] START radec orbit=L1Halo-1 dt=1296000 input=output/2026_07_for_wy_srp_sweep/L1Halo-1/L1Halo-1_init_srpMean_0p0_srpSigma_0p10_dt_1296000_n100000_o4_particles.csv
[2026-07-15 19:32:46] START radec orbit=L1Halo-1 dt=1728000 input=output/2026_07_for_wy_srp_sweep/L1Halo-1/L1Halo-1_init_srpMean_0p0_srpSigma_0p10_dt_1728000_n100000_o4_particles.csv
[2026-07-15 19:32:46] START radec orbit=L1Halo-1 dt=432000 input=output/2026_07_for_wy_srp_sweep/L1Halo-1/L1Halo-1_init_srpMean_0p0_srpSigma_0p10_dt_432000_n100000_o4_particles.csv
[2026-07-15 19:32:46] START radec orbit=L1Halo-1 dt=864000 input=output/2026_07_for_wy_srp_sweep/L1Halo-1/L1Halo-1_init_srpMean_0p0_srpSigma_0p10_dt_864000_n100000_o4_particles.csv
[2026-07-15 19:32:46] START radec orbit=L1Halo-1 dt=1296000 input=output/2026_07_for_wy_srp_sweep/L1Halo-1/L1Halo-1_init_srpMean_0p0_srpSigma_0p20_dt_1296000_n100000_o4_particles.csv
[2026-07-15 19:32:46] START radec orbit=L1Halo-1 dt=1728000 input=output/2026_07_for_wy_srp_sweep/L1Halo-1/L1Halo-1_init_srpMean_0p0_srpSigma_0p20_dt_1728000_n100000_o4_particles.csv
[2026-07-15 19:32:46] START radec orbit=L1Halo-1 dt=432000 input=output/2026_07_for_wy_srp_sweep/L1Halo-1/L1Halo-1_init_srpMean_0p0_srpSigma_0p20_dt_432000_n100000_o4_particles.csv
[2026-07-15 19:32:46] START radec orbit=L1Halo-1 dt=864000 input=output/2026_07_for_wy_srp_sweep/L1Halo-1/L1Halo-1_init_srpMean_0p0_srpSigma_0p20_dt_864000_n100000_o4_particles.csv
[2026-07-15 19:32:50] DONE  radec orbit=L1Halo-1 dt=1728000 output=output/2026_07_for_wy_srp_sweep/L1Halo-1/L1Halo-1_init_srpMean_0p0_srpSigma_0p01_dt_1728000_n100000_o4_radec_R91_deg.csv
[2026-07-15 19:32:50] DONE  radec orbit=L1Halo-1 dt=1296000 output=output/2026_07_for_wy_srp_sweep/L1Halo-1/L1Halo-1_init_srpMean_0p0_srpSigma_0p05_dt_1296000_n100000_o4_radec_R91_deg.csv
[2026-07-15 19:32:50] DONE  radec orbit=L1Halo-1 dt=864000 output=output/2026_07_for_wy_srp_sweep/L1Halo-1/L1Halo-1_init_srpMean_0p0_srpSigma_0p01_dt_864000_n100000_o4_radec_R91_deg.csv
[2026-07-15 19:32:51] DONE  radec orbit=L1Halo-1 dt=864000 output=output/2026_07_for_wy_srp_sweep/L1Halo-1/L1Halo-1_init_srpMean_0p0_srpSigma_0p20_dt_864000_n100000_o4_radec_R91_deg.csv
[2026-07-15 19:32:51] DONE  radec orbit=L1Halo-1 dt=1296000 output=output/2026_07_for_wy_srp_sweep/L1Halo-1/L1Halo-1_init_srpMean_0p0_srpSigma_0p20_dt_1296000_n100000_o4_radec_R91_deg.csv
[2026-07-15 19:32:51] DONE  radec orbit=L1Halo-1 dt=1728000 output=output/2026_07_for_wy_srp_sweep/L1Halo-1/L1Halo-1_init_srpMean_0p0_srpSigma_0p20_dt_1728000_n100000_o4_radec_R91_deg.csv
[2026-07-15 19:32:51] DONE  radec orbit=L1Halo-1 dt=432000 output=output/2026_07_for_wy_srp_sweep/L1Halo-1/L1Halo-1_init_srpMean_0p0_srpSigma_0p05_dt_432000_n100000_o4_radec_R91_deg.csv
[2026-07-15 19:32:51] DONE  radec orbit=L1Halo-1 dt=1728000 output=output/2026_07_for_wy_srp_sweep/L1Halo-1/L1Halo-1_init_srpMean_0p0_srpSigma_0p10_dt_1728000_n100000_o4_radec_R91_deg.csv
[2026-07-15 19:32:51] DONE  radec orbit=L2Halo-3 dt=1296000 output=output/2026_07_for_wy_nominal_srp_sweep/L2Halo-3/L2Halo-3_init_nominalSrp_dt_1296000_n100000_o4_radec_R91_deg.csv
[2026-07-15 19:32:51] DONE  radec orbit=L1Halo-1 dt=864000 output=output/2026_07_for_wy_srp_sweep/L1Halo-1/L1Halo-1_init_srpMean_0p0_srpSigma_0p05_dt_864000_n100000_o4_radec_R91_deg.csv
[2026-07-15 19:32:51] DONE  radec orbit=L1Halo-1 dt=1296000 output=output/2026_07_for_wy_srp_sweep/L1Halo-1/L1Halo-1_init_srpMean_0p0_srpSigma_0p10_dt_1296000_n100000_o4_radec_R91_deg.csv
[2026-07-15 19:32:51] DONE  radec orbit=L1Halo-1 dt=432000 output=output/2026_07_for_wy_srp_sweep/L1Halo-1/L1Halo-1_init_srpMean_0p0_srpSigma_0p20_dt_432000_n100000_o4_radec_R91_deg.csv
[2026-07-15 19:32:51] DONE  radec orbit=L2Halo-3 dt=432000 output=output/2026_07_for_wy_nominal_srp_sweep/L2Halo-3/L2Halo-3_init_nominalSrp_dt_432000_n100000_o4_radec_R91_deg.csv
[2026-07-15 19:32:51] DONE  radec orbit=L2Halo-3 dt=1728000 output=output/2026_07_for_wy_nominal_srp_sweep/L2Halo-3/L2Halo-3_init_nominalSrp_dt_1728000_n100000_o4_radec_R91_deg.csv
[2026-07-15 19:32:51] DONE  radec orbit=L1Halo-1 dt=432000 output=output/2026_07_for_wy_srp_sweep/L1Halo-1/L1Halo-1_init_srpMean_0p0_srpSigma_0p10_dt_432000_n100000_o4_radec_R91_deg.csv
[2026-07-15 19:32:51] DONE  radec orbit=L1Halo-1 dt=1296000 output=output/2026_07_for_wy_srp_sweep/L1Halo-1/L1Halo-1_init_srpMean_0p0_srpSigma_0p01_dt_1296000_n100000_o4_radec_R91_deg.csv
[2026-07-15 19:32:51] DONE  radec orbit=L1Halo-1 dt=1728000 output=output/2026_07_for_wy_srp_sweep/L1Halo-1/L1Halo-1_init_srpMean_0p0_srpSigma_0p05_dt_1728000_n100000_o4_radec_R91_deg.csv
[2026-07-15 19:32:52] DONE  radec orbit=L2Halo-3 dt=864000 output=output/2026_07_for_wy_nominal_srp_sweep/L2Halo-3/L2Halo-3_init_nominalSrp_dt_864000_n100000_o4_radec_R91_deg.csv
[2026-07-15 19:32:52] DONE  radec orbit=L1Halo-1 dt=864000 output=output/2026_07_for_wy_srp_sweep/L1Halo-1/L1Halo-1_init_srpMean_0p0_srpSigma_0p10_dt_864000_n100000_o4_radec_R91_deg.csv
[2026-07-15 19:32:52] DONE  radec orbit=L1Halo-1 dt=432000 output=output/2026_07_for_wy_srp_sweep/L1Halo-1/L1Halo-1_init_srpMean_0p0_srpSigma_0p01_dt_432000_n100000_o4_radec_R91_deg.csv
[2026-07-15 19:32:57] START radec orbit=L1Halo-2 dt=1296000 input=output/2026_07_for_wy_srp_sweep/L1Halo-2/L1Halo-2_init_srpMean_0p0_srpSigma_0p01_dt_1296000_n100000_o4_particles.csv
[2026-07-15 19:32:57] START radec orbit=L1Halo-2 dt=1728000 input=output/2026_07_for_wy_srp_sweep/L1Halo-2/L1Halo-2_init_srpMean_0p0_srpSigma_0p01_dt_1728000_n100000_o4_particles.csv
[2026-07-15 19:32:57] START radec orbit=L1Halo-2 dt=432000 input=output/2026_07_for_wy_srp_sweep/L1Halo-2/L1Halo-2_init_srpMean_0p0_srpSigma_0p01_dt_432000_n100000_o4_particles.csv
[2026-07-15 19:32:57] START radec orbit=L1Halo-2 dt=864000 input=output/2026_07_for_wy_srp_sweep/L1Halo-2/L1Halo-2_init_srpMean_0p0_srpSigma_0p01_dt_864000_n100000_o4_particles.csv
[2026-07-15 19:32:57] START radec orbit=L1Halo-2 dt=1296000 input=output/2026_07_for_wy_srp_sweep/L1Halo-2/L1Halo-2_init_srpMean_0p0_srpSigma_0p05_dt_1296000_n100000_o4_particles.csv
[2026-07-15 19:32:57] START radec orbit=L1Halo-2 dt=1728000 input=output/2026_07_for_wy_srp_sweep/L1Halo-2/L1Halo-2_init_srpMean_0p0_srpSigma_0p05_dt_1728000_n100000_o4_particles.csv
[2026-07-15 19:32:57] START radec orbit=L1Halo-2 dt=432000 input=output/2026_07_for_wy_srp_sweep/L1Halo-2/L1Halo-2_init_srpMean_0p0_srpSigma_0p05_dt_432000_n100000_o4_particles.csv
[2026-07-15 19:32:57] START radec orbit=L1Halo-2 dt=864000 input=output/2026_07_for_wy_srp_sweep/L1Halo-2/L1Halo-2_init_srpMean_0p0_srpSigma_0p05_dt_864000_n100000_o4_particles.csv
[2026-07-15 19:32:57] START radec orbit=L1Halo-2 dt=1296000 input=output/2026_07_for_wy_srp_sweep/L1Halo-2/L1Halo-2_init_srpMean_0p0_srpSigma_0p10_dt_1296000_n100000_o4_particles.csv
[2026-07-15 19:32:57] START radec orbit=L1Halo-2 dt=1728000 input=output/2026_07_for_wy_srp_sweep/L1Halo-2/L1Halo-2_init_srpMean_0p0_srpSigma_0p10_dt_1728000_n100000_o4_particles.csv
[2026-07-15 19:32:57] START radec orbit=L1Halo-2 dt=432000 input=output/2026_07_for_wy_srp_sweep/L1Halo-2/L1Halo-2_init_srpMean_0p0_srpSigma_0p10_dt_432000_n100000_o4_particles.csv
[2026-07-15 19:32:57] START radec orbit=L1Halo-2 dt=864000 input=output/2026_07_for_wy_srp_sweep/L1Halo-2/L1Halo-2_init_srpMean_0p0_srpSigma_0p10_dt_864000_n100000_o4_particles.csv
[2026-07-15 19:32:57] START radec orbit=L1Halo-2 dt=1296000 input=output/2026_07_for_wy_srp_sweep/L1Halo-2/L1Halo-2_init_srpMean_0p0_srpSigma_0p20_dt_1296000_n100000_o4_particles.csv
[2026-07-15 19:32:57] START radec orbit=L1Halo-2 dt=1728000 input=output/2026_07_for_wy_srp_sweep/L1Halo-2/L1Halo-2_init_srpMean_0p0_srpSigma_0p20_dt_1728000_n100000_o4_particles.csv
[2026-07-15 19:32:57] START radec orbit=L1Halo-2 dt=432000 input=output/2026_07_for_wy_srp_sweep/L1Halo-2/L1Halo-2_init_srpMean_0p0_srpSigma_0p20_dt_432000_n100000_o4_particles.csv
[2026-07-15 19:32:57] START radec orbit=L1Halo-3 dt=1296000 input=output/2026_07_for_wy_srp_sweep/L1Halo-3/L1Halo-3_init_srpMean_0p0_srpSigma_0p01_dt_1296000_n100000_o4_particles.csv
[2026-07-15 19:32:57] START radec orbit=L1Halo-2 dt=864000 input=output/2026_07_for_wy_srp_sweep/L1Halo-2/L1Halo-2_init_srpMean_0p0_srpSigma_0p20_dt_864000_n100000_o4_particles.csv
[2026-07-15 19:32:57] START radec orbit=L1Halo-3 dt=1728000 input=output/2026_07_for_wy_srp_sweep/L1Halo-3/L1Halo-3_init_srpMean_0p0_srpSigma_0p01_dt_1728000_n100000_o4_particles.csv
[2026-07-15 19:32:57] START radec orbit=L1Halo-3 dt=432000 input=output/2026_07_for_wy_srp_sweep/L1Halo-3/L1Halo-3_init_srpMean_0p0_srpSigma_0p01_dt_432000_n100000_o4_particles.csv
[2026-07-15 19:32:57] START radec orbit=L1Halo-3 dt=864000 input=output/2026_07_for_wy_srp_sweep/L1Halo-3/L1Halo-3_init_srpMean_0p0_srpSigma_0p01_dt_864000_n100000_o4_particles.csv
[2026-07-15 19:33:02] DONE  radec orbit=L1Halo-2 dt=1728000 output=output/2026_07_for_wy_srp_sweep/L1Halo-2/L1Halo-2_init_srpMean_0p0_srpSigma_0p20_dt_1728000_n100000_o4_radec_R91_deg.csv
[2026-07-15 19:33:02] DONE  radec orbit=L1Halo-2 dt=432000 output=output/2026_07_for_wy_srp_sweep/L1Halo-2/L1Halo-2_init_srpMean_0p0_srpSigma_0p05_dt_432000_n100000_o4_radec_R91_deg.csv
[2026-07-15 19:33:02] DONE  radec orbit=L1Halo-2 dt=432000 output=output/2026_07_for_wy_srp_sweep/L1Halo-2/L1Halo-2_init_srpMean_0p0_srpSigma_0p10_dt_432000_n100000_o4_radec_R91_deg.csv
[2026-07-15 19:33:02] DONE  radec orbit=L1Halo-2 dt=864000 output=output/2026_07_for_wy_srp_sweep/L1Halo-2/L1Halo-2_init_srpMean_0p0_srpSigma_0p05_dt_864000_n100000_o4_radec_R91_deg.csv
[2026-07-15 19:33:02] DONE  radec orbit=L1Halo-3 dt=432000 output=output/2026_07_for_wy_srp_sweep/L1Halo-3/L1Halo-3_init_srpMean_0p0_srpSigma_0p01_dt_432000_n100000_o4_radec_R91_deg.csv
[2026-07-15 19:33:02] DONE  radec orbit=L1Halo-2 dt=864000 output=output/2026_07_for_wy_srp_sweep/L1Halo-2/L1Halo-2_init_srpMean_0p0_srpSigma_0p01_dt_864000_n100000_o4_radec_R91_deg.csv
[2026-07-15 19:33:02] DONE  radec orbit=L1Halo-2 dt=432000 output=output/2026_07_for_wy_srp_sweep/L1Halo-2/L1Halo-2_init_srpMean_0p0_srpSigma_0p01_dt_432000_n100000_o4_radec_R91_deg.csv
[2026-07-15 19:33:02] DONE  radec orbit=L1Halo-3 dt=864000 output=output/2026_07_for_wy_srp_sweep/L1Halo-3/L1Halo-3_init_srpMean_0p0_srpSigma_0p01_dt_864000_n100000_o4_radec_R91_deg.csv
[2026-07-15 19:33:02] DONE  radec orbit=L1Halo-2 dt=1728000 output=output/2026_07_for_wy_srp_sweep/L1Halo-2/L1Halo-2_init_srpMean_0p0_srpSigma_0p01_dt_1728000_n100000_o4_radec_R91_deg.csv
[2026-07-15 19:33:02] DONE  radec orbit=L1Halo-2 dt=864000 output=output/2026_07_for_wy_srp_sweep/L1Halo-2/L1Halo-2_init_srpMean_0p0_srpSigma_0p20_dt_864000_n100000_o4_radec_R91_deg.csv
[2026-07-15 19:33:03] DONE  radec orbit=L1Halo-2 dt=1296000 output=output/2026_07_for_wy_srp_sweep/L1Halo-2/L1Halo-2_init_srpMean_0p0_srpSigma_0p01_dt_1296000_n100000_o4_radec_R91_deg.csv
[2026-07-15 19:33:03] DONE  radec orbit=L1Halo-3 dt=1296000 output=output/2026_07_for_wy_srp_sweep/L1Halo-3/L1Halo-3_init_srpMean_0p0_srpSigma_0p01_dt_1296000_n100000_o4_radec_R91_deg.csv
[2026-07-15 19:33:03] DONE  radec orbit=L1Halo-2 dt=1728000 output=output/2026_07_for_wy_srp_sweep/L1Halo-2/L1Halo-2_init_srpMean_0p0_srpSigma_0p10_dt_1728000_n100000_o4_radec_R91_deg.csv
[2026-07-15 19:33:03] DONE  radec orbit=L1Halo-2 dt=1296000 output=output/2026_07_for_wy_srp_sweep/L1Halo-2/L1Halo-2_init_srpMean_0p0_srpSigma_0p05_dt_1296000_n100000_o4_radec_R91_deg.csv
[2026-07-15 19:33:03] DONE  radec orbit=L1Halo-2 dt=1296000 output=output/2026_07_for_wy_srp_sweep/L1Halo-2/L1Halo-2_init_srpMean_0p0_srpSigma_0p20_dt_1296000_n100000_o4_radec_R91_deg.csv
[2026-07-15 19:33:03] DONE  radec orbit=L1Halo-2 dt=864000 output=output/2026_07_for_wy_srp_sweep/L1Halo-2/L1Halo-2_init_srpMean_0p0_srpSigma_0p10_dt_864000_n100000_o4_radec_R91_deg.csv
[2026-07-15 19:33:03] DONE  radec orbit=L1Halo-2 dt=1296000 output=output/2026_07_for_wy_srp_sweep/L1Halo-2/L1Halo-2_init_srpMean_0p0_srpSigma_0p10_dt_1296000_n100000_o4_radec_R91_deg.csv
[2026-07-15 19:33:03] DONE  radec orbit=L1Halo-2 dt=1728000 output=output/2026_07_for_wy_srp_sweep/L1Halo-2/L1Halo-2_init_srpMean_0p0_srpSigma_0p05_dt_1728000_n100000_o4_radec_R91_deg.csv
[2026-07-15 19:33:03] DONE  radec orbit=L1Halo-2 dt=432000 output=output/2026_07_for_wy_srp_sweep/L1Halo-2/L1Halo-2_init_srpMean_0p0_srpSigma_0p20_dt_432000_n100000_o4_radec_R91_deg.csv
[2026-07-15 19:33:03] DONE  radec orbit=L1Halo-3 dt=1728000 output=output/2026_07_for_wy_srp_sweep/L1Halo-3/L1Halo-3_init_srpMean_0p0_srpSigma_0p01_dt_1728000_n100000_o4_radec_R91_deg.csv
[2026-07-15 19:33:07] START radec orbit=L1Halo-3 dt=1296000 input=output/2026_07_for_wy_srp_sweep/L1Halo-3/L1Halo-3_init_srpMean_0p0_srpSigma_0p05_dt_1296000_n100000_o4_particles.csv
[2026-07-15 19:33:07] START radec orbit=L1Halo-3 dt=1728000 input=output/2026_07_for_wy_srp_sweep/L1Halo-3/L1Halo-3_init_srpMean_0p0_srpSigma_0p05_dt_1728000_n100000_o4_particles.csv
[2026-07-15 19:33:07] START radec orbit=L1Halo-3 dt=432000 input=output/2026_07_for_wy_srp_sweep/L1Halo-3/L1Halo-3_init_srpMean_0p0_srpSigma_0p05_dt_432000_n100000_o4_particles.csv
[2026-07-15 19:33:07] START radec orbit=L1Halo-3 dt=864000 input=output/2026_07_for_wy_srp_sweep/L1Halo-3/L1Halo-3_init_srpMean_0p0_srpSigma_0p05_dt_864000_n100000_o4_particles.csv
[2026-07-15 19:33:07] START radec orbit=L1Halo-3 dt=1296000 input=output/2026_07_for_wy_srp_sweep/L1Halo-3/L1Halo-3_init_srpMean_0p0_srpSigma_0p10_dt_1296000_n100000_o4_particles.csv
[2026-07-15 19:33:07] START radec orbit=L1Halo-3 dt=1728000 input=output/2026_07_for_wy_srp_sweep/L1Halo-3/L1Halo-3_init_srpMean_0p0_srpSigma_0p10_dt_1728000_n100000_o4_particles.csv
[2026-07-15 19:33:07] START radec orbit=L1Halo-3 dt=432000 input=output/2026_07_for_wy_srp_sweep/L1Halo-3/L1Halo-3_init_srpMean_0p0_srpSigma_0p10_dt_432000_n100000_o4_particles.csv
[2026-07-15 19:33:07] START radec orbit=L1Halo-3 dt=864000 input=output/2026_07_for_wy_srp_sweep/L1Halo-3/L1Halo-3_init_srpMean_0p0_srpSigma_0p10_dt_864000_n100000_o4_particles.csv
[2026-07-15 19:33:07] START radec orbit=L1Halo-3 dt=1296000 input=output/2026_07_for_wy_srp_sweep/L1Halo-3/L1Halo-3_init_srpMean_0p0_srpSigma_0p20_dt_1296000_n100000_o4_particles.csv
[2026-07-15 19:33:07] START radec orbit=L1Halo-3 dt=1728000 input=output/2026_07_for_wy_srp_sweep/L1Halo-3/L1Halo-3_init_srpMean_0p0_srpSigma_0p20_dt_1728000_n100000_o4_particles.csv
[2026-07-15 19:33:07] START radec orbit=L1Halo-3 dt=432000 input=output/2026_07_for_wy_srp_sweep/L1Halo-3/L1Halo-3_init_srpMean_0p0_srpSigma_0p20_dt_432000_n100000_o4_particles.csv
[2026-07-15 19:33:07] START radec orbit=L1Halo-3 dt=864000 input=output/2026_07_for_wy_srp_sweep/L1Halo-3/L1Halo-3_init_srpMean_0p0_srpSigma_0p20_dt_864000_n100000_o4_particles.csv
[2026-07-15 19:33:07] START radec orbit=L2Halo-1 dt=1296000 input=output/2026_07_for_wy_srp_sweep/L2Halo-1/L2Halo-1_init_srpMean_0p0_srpSigma_0p01_dt_1296000_n100000_o4_particles.csv
[2026-07-15 19:33:07] START radec orbit=L2Halo-1 dt=1728000 input=output/2026_07_for_wy_srp_sweep/L2Halo-1/L2Halo-1_init_srpMean_0p0_srpSigma_0p01_dt_1728000_n100000_o4_particles.csv
[2026-07-15 19:33:07] START radec orbit=L2Halo-1 dt=432000 input=output/2026_07_for_wy_srp_sweep/L2Halo-1/L2Halo-1_init_srpMean_0p0_srpSigma_0p01_dt_432000_n100000_o4_particles.csv
[2026-07-15 19:33:07] START radec orbit=L2Halo-1 dt=864000 input=output/2026_07_for_wy_srp_sweep/L2Halo-1/L2Halo-1_init_srpMean_0p0_srpSigma_0p01_dt_864000_n100000_o4_particles.csv
[2026-07-15 19:33:07] START radec orbit=L2Halo-1 dt=1296000 input=output/2026_07_for_wy_srp_sweep/L2Halo-1/L2Halo-1_init_srpMean_0p0_srpSigma_0p05_dt_1296000_n100000_o4_particles.csv
[2026-07-15 19:33:07] START radec orbit=L2Halo-1 dt=1728000 input=output/2026_07_for_wy_srp_sweep/L2Halo-1/L2Halo-1_init_srpMean_0p0_srpSigma_0p05_dt_1728000_n100000_o4_particles.csv
[2026-07-15 19:33:07] START radec orbit=L2Halo-1 dt=864000 input=output/2026_07_for_wy_srp_sweep/L2Halo-1/L2Halo-1_init_srpMean_0p0_srpSigma_0p05_dt_864000_n100000_o4_particles.csv
[2026-07-15 19:33:07] START radec orbit=L2Halo-1 dt=432000 input=output/2026_07_for_wy_srp_sweep/L2Halo-1/L2Halo-1_init_srpMean_0p0_srpSigma_0p05_dt_432000_n100000_o4_particles.csv
[2026-07-15 19:33:12] DONE  radec orbit=L1Halo-3 dt=432000 output=output/2026_07_for_wy_srp_sweep/L1Halo-3/L1Halo-3_init_srpMean_0p0_srpSigma_0p05_dt_432000_n100000_o4_radec_R91_deg.csv
[2026-07-15 19:33:12] DONE  radec orbit=L1Halo-3 dt=864000 output=output/2026_07_for_wy_srp_sweep/L1Halo-3/L1Halo-3_init_srpMean_0p0_srpSigma_0p10_dt_864000_n100000_o4_radec_R91_deg.csv
[2026-07-15 19:33:12] DONE  radec orbit=L1Halo-3 dt=1296000 output=output/2026_07_for_wy_srp_sweep/L1Halo-3/L1Halo-3_init_srpMean_0p0_srpSigma_0p20_dt_1296000_n100000_o4_radec_R91_deg.csv
[2026-07-15 19:33:12] DONE  radec orbit=L1Halo-3 dt=1296000 output=output/2026_07_for_wy_srp_sweep/L1Halo-3/L1Halo-3_init_srpMean_0p0_srpSigma_0p10_dt_1296000_n100000_o4_radec_R91_deg.csv
[2026-07-15 19:33:12] DONE  radec orbit=L2Halo-1 dt=432000 output=output/2026_07_for_wy_srp_sweep/L2Halo-1/L2Halo-1_init_srpMean_0p0_srpSigma_0p01_dt_432000_n100000_o4_radec_R91_deg.csv
[2026-07-15 19:33:12] DONE  radec orbit=L2Halo-1 dt=1296000 output=output/2026_07_for_wy_srp_sweep/L2Halo-1/L2Halo-1_init_srpMean_0p0_srpSigma_0p01_dt_1296000_n100000_o4_radec_R91_deg.csv
[2026-07-15 19:33:12] DONE  radec orbit=L1Halo-3 dt=432000 output=output/2026_07_for_wy_srp_sweep/L1Halo-3/L1Halo-3_init_srpMean_0p0_srpSigma_0p20_dt_432000_n100000_o4_radec_R91_deg.csv
[2026-07-15 19:33:12] DONE  radec orbit=L2Halo-1 dt=432000 output=output/2026_07_for_wy_srp_sweep/L2Halo-1/L2Halo-1_init_srpMean_0p0_srpSigma_0p05_dt_432000_n100000_o4_radec_R91_deg.csv
[2026-07-15 19:33:12] DONE  radec orbit=L2Halo-1 dt=864000 output=output/2026_07_for_wy_srp_sweep/L2Halo-1/L2Halo-1_init_srpMean_0p0_srpSigma_0p05_dt_864000_n100000_o4_radec_R91_deg.csv
[2026-07-15 19:33:12] DONE  radec orbit=L2Halo-1 dt=1728000 output=output/2026_07_for_wy_srp_sweep/L2Halo-1/L2Halo-1_init_srpMean_0p0_srpSigma_0p01_dt_1728000_n100000_o4_radec_R91_deg.csv
[2026-07-15 19:33:13] DONE  radec orbit=L1Halo-3 dt=864000 output=output/2026_07_for_wy_srp_sweep/L1Halo-3/L1Halo-3_init_srpMean_0p0_srpSigma_0p05_dt_864000_n100000_o4_radec_R91_deg.csv
[2026-07-15 19:33:13] DONE  radec orbit=L2Halo-1 dt=864000 output=output/2026_07_for_wy_srp_sweep/L2Halo-1/L2Halo-1_init_srpMean_0p0_srpSigma_0p01_dt_864000_n100000_o4_radec_R91_deg.csv
[2026-07-15 19:33:13] DONE  radec orbit=L1Halo-3 dt=864000 output=output/2026_07_for_wy_srp_sweep/L1Halo-3/L1Halo-3_init_srpMean_0p0_srpSigma_0p20_dt_864000_n100000_o4_radec_R91_deg.csv
[2026-07-15 19:33:13] DONE  radec orbit=L1Halo-3 dt=432000 output=output/2026_07_for_wy_srp_sweep/L1Halo-3/L1Halo-3_init_srpMean_0p0_srpSigma_0p10_dt_432000_n100000_o4_radec_R91_deg.csv
[2026-07-15 19:33:13] DONE  radec orbit=L1Halo-3 dt=1728000 output=output/2026_07_for_wy_srp_sweep/L1Halo-3/L1Halo-3_init_srpMean_0p0_srpSigma_0p05_dt_1728000_n100000_o4_radec_R91_deg.csv
[2026-07-15 19:33:13] DONE  radec orbit=L1Halo-3 dt=1728000 output=output/2026_07_for_wy_srp_sweep/L1Halo-3/L1Halo-3_init_srpMean_0p0_srpSigma_0p20_dt_1728000_n100000_o4_radec_R91_deg.csv
[2026-07-15 19:33:13] DONE  radec orbit=L1Halo-3 dt=1296000 output=output/2026_07_for_wy_srp_sweep/L1Halo-3/L1Halo-3_init_srpMean_0p0_srpSigma_0p05_dt_1296000_n100000_o4_radec_R91_deg.csv
[2026-07-15 19:33:14] DONE  radec orbit=L1Halo-3 dt=1728000 output=output/2026_07_for_wy_srp_sweep/L1Halo-3/L1Halo-3_init_srpMean_0p0_srpSigma_0p10_dt_1728000_n100000_o4_radec_R91_deg.csv
[2026-07-15 19:33:14] DONE  radec orbit=L2Halo-1 dt=1296000 output=output/2026_07_for_wy_srp_sweep/L2Halo-1/L2Halo-1_init_srpMean_0p0_srpSigma_0p05_dt_1296000_n100000_o4_radec_R91_deg.csv
[2026-07-15 19:33:14] DONE  radec orbit=L2Halo-1 dt=1728000 output=output/2026_07_for_wy_srp_sweep/L2Halo-1/L2Halo-1_init_srpMean_0p0_srpSigma_0p05_dt_1728000_n100000_o4_radec_R91_deg.csv
[2026-07-15 19:33:17] START radec orbit=L2Halo-1 dt=1296000 input=output/2026_07_for_wy_srp_sweep/L2Halo-1/L2Halo-1_init_srpMean_0p0_srpSigma_0p10_dt_1296000_n100000_o4_particles.csv
[2026-07-15 19:33:17] START radec orbit=L2Halo-1 dt=1728000 input=output/2026_07_for_wy_srp_sweep/L2Halo-1/L2Halo-1_init_srpMean_0p0_srpSigma_0p10_dt_1728000_n100000_o4_particles.csv
[2026-07-15 19:33:17] START radec orbit=L2Halo-1 dt=432000 input=output/2026_07_for_wy_srp_sweep/L2Halo-1/L2Halo-1_init_srpMean_0p0_srpSigma_0p10_dt_432000_n100000_o4_particles.csv
[2026-07-15 19:33:17] START radec orbit=L2Halo-1 dt=864000 input=output/2026_07_for_wy_srp_sweep/L2Halo-1/L2Halo-1_init_srpMean_0p0_srpSigma_0p10_dt_864000_n100000_o4_particles.csv
[2026-07-15 19:33:17] START radec orbit=L2Halo-1 dt=1296000 input=output/2026_07_for_wy_srp_sweep/L2Halo-1/L2Halo-1_init_srpMean_0p0_srpSigma_0p20_dt_1296000_n100000_o4_particles.csv
[2026-07-15 19:33:17] START radec orbit=L2Halo-1 dt=1728000 input=output/2026_07_for_wy_srp_sweep/L2Halo-1/L2Halo-1_init_srpMean_0p0_srpSigma_0p20_dt_1728000_n100000_o4_particles.csv
[2026-07-15 19:33:17] START radec orbit=L2Halo-1 dt=432000 input=output/2026_07_for_wy_srp_sweep/L2Halo-1/L2Halo-1_init_srpMean_0p0_srpSigma_0p20_dt_432000_n100000_o4_particles.csv
[2026-07-15 19:33:17] START radec orbit=L2Halo-1 dt=864000 input=output/2026_07_for_wy_srp_sweep/L2Halo-1/L2Halo-1_init_srpMean_0p0_srpSigma_0p20_dt_864000_n100000_o4_particles.csv
[2026-07-15 19:33:17] START radec orbit=L2Halo-2 dt=1296000 input=output/2026_07_for_wy_srp_sweep/L2Halo-2/L2Halo-2_init_srpMean_0p0_srpSigma_0p01_dt_1296000_n100000_o4_particles.csv
[2026-07-15 19:33:17] START radec orbit=L2Halo-2 dt=1728000 input=output/2026_07_for_wy_srp_sweep/L2Halo-2/L2Halo-2_init_srpMean_0p0_srpSigma_0p01_dt_1728000_n100000_o4_particles.csv
[2026-07-15 19:33:17] START radec orbit=L2Halo-2 dt=432000 input=output/2026_07_for_wy_srp_sweep/L2Halo-2/L2Halo-2_init_srpMean_0p0_srpSigma_0p01_dt_432000_n100000_o4_particles.csv
[2026-07-15 19:33:17] START radec orbit=L2Halo-2 dt=864000 input=output/2026_07_for_wy_srp_sweep/L2Halo-2/L2Halo-2_init_srpMean_0p0_srpSigma_0p01_dt_864000_n100000_o4_particles.csv
[2026-07-15 19:33:17] START radec orbit=L2Halo-2 dt=1296000 input=output/2026_07_for_wy_srp_sweep/L2Halo-2/L2Halo-2_init_srpMean_0p0_srpSigma_0p05_dt_1296000_n100000_o4_particles.csv
[2026-07-15 19:33:17] START radec orbit=L2Halo-2 dt=1728000 input=output/2026_07_for_wy_srp_sweep/L2Halo-2/L2Halo-2_init_srpMean_0p0_srpSigma_0p05_dt_1728000_n100000_o4_particles.csv
[2026-07-15 19:33:17] START radec orbit=L2Halo-2 dt=432000 input=output/2026_07_for_wy_srp_sweep/L2Halo-2/L2Halo-2_init_srpMean_0p0_srpSigma_0p05_dt_432000_n100000_o4_particles.csv
[2026-07-15 19:33:17] START radec orbit=L2Halo-2 dt=864000 input=output/2026_07_for_wy_srp_sweep/L2Halo-2/L2Halo-2_init_srpMean_0p0_srpSigma_0p05_dt_864000_n100000_o4_particles.csv
[2026-07-15 19:33:17] START radec orbit=L2Halo-2 dt=1296000 input=output/2026_07_for_wy_srp_sweep/L2Halo-2/L2Halo-2_init_srpMean_0p0_srpSigma_0p10_dt_1296000_n100000_o4_particles.csv
[2026-07-15 19:33:17] START radec orbit=L2Halo-2 dt=1728000 input=output/2026_07_for_wy_srp_sweep/L2Halo-2/L2Halo-2_init_srpMean_0p0_srpSigma_0p10_dt_1728000_n100000_o4_particles.csv
[2026-07-15 19:33:17] START radec orbit=L2Halo-2 dt=432000 input=output/2026_07_for_wy_srp_sweep/L2Halo-2/L2Halo-2_init_srpMean_0p0_srpSigma_0p10_dt_432000_n100000_o4_particles.csv
[2026-07-15 19:33:17] START radec orbit=L2Halo-2 dt=864000 input=output/2026_07_for_wy_srp_sweep/L2Halo-2/L2Halo-2_init_srpMean_0p0_srpSigma_0p10_dt_864000_n100000_o4_particles.csv
[2026-07-15 19:33:22] DONE  radec orbit=L2Halo-1 dt=864000 output=output/2026_07_for_wy_srp_sweep/L2Halo-1/L2Halo-1_init_srpMean_0p0_srpSigma_0p20_dt_864000_n100000_o4_radec_R91_deg.csv
[2026-07-15 19:33:22] DONE  radec orbit=L2Halo-2 dt=1296000 output=output/2026_07_for_wy_srp_sweep/L2Halo-2/L2Halo-2_init_srpMean_0p0_srpSigma_0p10_dt_1296000_n100000_o4_radec_R91_deg.csv
[2026-07-15 19:33:22] DONE  radec orbit=L2Halo-1 dt=1728000 output=output/2026_07_for_wy_srp_sweep/L2Halo-1/L2Halo-1_init_srpMean_0p0_srpSigma_0p20_dt_1728000_n100000_o4_radec_R91_deg.csv
[2026-07-15 19:33:22] DONE  radec orbit=L2Halo-2 dt=432000 output=output/2026_07_for_wy_srp_sweep/L2Halo-2/L2Halo-2_init_srpMean_0p0_srpSigma_0p01_dt_432000_n100000_o4_radec_R91_deg.csv
[2026-07-15 19:33:22] DONE  radec orbit=L2Halo-1 dt=1296000 output=output/2026_07_for_wy_srp_sweep/L2Halo-1/L2Halo-1_init_srpMean_0p0_srpSigma_0p20_dt_1296000_n100000_o4_radec_R91_deg.csv
[2026-07-15 19:33:22] DONE  radec orbit=L2Halo-2 dt=1728000 output=output/2026_07_for_wy_srp_sweep/L2Halo-2/L2Halo-2_init_srpMean_0p0_srpSigma_0p10_dt_1728000_n100000_o4_radec_R91_deg.csv
[2026-07-15 19:33:22] DONE  radec orbit=L2Halo-1 dt=432000 output=output/2026_07_for_wy_srp_sweep/L2Halo-1/L2Halo-1_init_srpMean_0p0_srpSigma_0p10_dt_432000_n100000_o4_radec_R91_deg.csv
[2026-07-15 19:33:22] DONE  radec orbit=L2Halo-1 dt=864000 output=output/2026_07_for_wy_srp_sweep/L2Halo-1/L2Halo-1_init_srpMean_0p0_srpSigma_0p10_dt_864000_n100000_o4_radec_R91_deg.csv
[2026-07-15 19:33:22] DONE  radec orbit=L2Halo-2 dt=864000 output=output/2026_07_for_wy_srp_sweep/L2Halo-2/L2Halo-2_init_srpMean_0p0_srpSigma_0p01_dt_864000_n100000_o4_radec_R91_deg.csv
[2026-07-15 19:33:22] DONE  radec orbit=L2Halo-2 dt=864000 output=output/2026_07_for_wy_srp_sweep/L2Halo-2/L2Halo-2_init_srpMean_0p0_srpSigma_0p05_dt_864000_n100000_o4_radec_R91_deg.csv
[2026-07-15 19:33:22] DONE  radec orbit=L2Halo-2 dt=1296000 output=output/2026_07_for_wy_srp_sweep/L2Halo-2/L2Halo-2_init_srpMean_0p0_srpSigma_0p05_dt_1296000_n100000_o4_radec_R91_deg.csv
[2026-07-15 19:33:22] DONE  radec orbit=L2Halo-2 dt=1728000 output=output/2026_07_for_wy_srp_sweep/L2Halo-2/L2Halo-2_init_srpMean_0p0_srpSigma_0p01_dt_1728000_n100000_o4_radec_R91_deg.csv
[2026-07-15 19:33:23] DONE  radec orbit=L2Halo-1 dt=432000 output=output/2026_07_for_wy_srp_sweep/L2Halo-1/L2Halo-1_init_srpMean_0p0_srpSigma_0p20_dt_432000_n100000_o4_radec_R91_deg.csv
[2026-07-15 19:33:23] DONE  radec orbit=L2Halo-1 dt=1728000 output=output/2026_07_for_wy_srp_sweep/L2Halo-1/L2Halo-1_init_srpMean_0p0_srpSigma_0p10_dt_1728000_n100000_o4_radec_R91_deg.csv
[2026-07-15 19:33:23] DONE  radec orbit=L2Halo-2 dt=1296000 output=output/2026_07_for_wy_srp_sweep/L2Halo-2/L2Halo-2_init_srpMean_0p0_srpSigma_0p01_dt_1296000_n100000_o4_radec_R91_deg.csv
[2026-07-15 19:33:23] DONE  radec orbit=L2Halo-1 dt=1296000 output=output/2026_07_for_wy_srp_sweep/L2Halo-1/L2Halo-1_init_srpMean_0p0_srpSigma_0p10_dt_1296000_n100000_o4_radec_R91_deg.csv
[2026-07-15 19:33:23] DONE  radec orbit=L2Halo-2 dt=432000 output=output/2026_07_for_wy_srp_sweep/L2Halo-2/L2Halo-2_init_srpMean_0p0_srpSigma_0p05_dt_432000_n100000_o4_radec_R91_deg.csv
[2026-07-15 19:33:23] DONE  radec orbit=L2Halo-2 dt=864000 output=output/2026_07_for_wy_srp_sweep/L2Halo-2/L2Halo-2_init_srpMean_0p0_srpSigma_0p10_dt_864000_n100000_o4_radec_R91_deg.csv
[2026-07-15 19:33:23] DONE  radec orbit=L2Halo-2 dt=1728000 output=output/2026_07_for_wy_srp_sweep/L2Halo-2/L2Halo-2_init_srpMean_0p0_srpSigma_0p05_dt_1728000_n100000_o4_radec_R91_deg.csv
[2026-07-15 19:33:23] DONE  radec orbit=L2Halo-2 dt=432000 output=output/2026_07_for_wy_srp_sweep/L2Halo-2/L2Halo-2_init_srpMean_0p0_srpSigma_0p10_dt_432000_n100000_o4_radec_R91_deg.csv
[2026-07-15 19:33:28] START radec orbit=L2Halo-2 dt=1296000 input=output/2026_07_for_wy_srp_sweep/L2Halo-2/L2Halo-2_init_srpMean_0p0_srpSigma_0p20_dt_1296000_n100000_o4_particles.csv
[2026-07-15 19:33:28] START radec orbit=L2Halo-2 dt=1728000 input=output/2026_07_for_wy_srp_sweep/L2Halo-2/L2Halo-2_init_srpMean_0p0_srpSigma_0p20_dt_1728000_n100000_o4_particles.csv
[2026-07-15 19:33:28] START radec orbit=L2Halo-2 dt=432000 input=output/2026_07_for_wy_srp_sweep/L2Halo-2/L2Halo-2_init_srpMean_0p0_srpSigma_0p20_dt_432000_n100000_o4_particles.csv
[2026-07-15 19:33:28] START radec orbit=L2Halo-2 dt=864000 input=output/2026_07_for_wy_srp_sweep/L2Halo-2/L2Halo-2_init_srpMean_0p0_srpSigma_0p20_dt_864000_n100000_o4_particles.csv
[2026-07-15 19:33:28] START radec orbit=L2Halo-3 dt=1296000 input=output/2026_07_for_wy_srp_sweep/L2Halo-3/L2Halo-3_init_srpMean_0p0_srpSigma_0p01_dt_1296000_n100000_o4_particles.csv
[2026-07-15 19:33:28] START radec orbit=L2Halo-3 dt=1728000 input=output/2026_07_for_wy_srp_sweep/L2Halo-3/L2Halo-3_init_srpMean_0p0_srpSigma_0p01_dt_1728000_n100000_o4_particles.csv
[2026-07-15 19:33:28] START radec orbit=L2Halo-3 dt=432000 input=output/2026_07_for_wy_srp_sweep/L2Halo-3/L2Halo-3_init_srpMean_0p0_srpSigma_0p01_dt_432000_n100000_o4_particles.csv
[2026-07-15 19:33:28] START radec orbit=L2Halo-3 dt=864000 input=output/2026_07_for_wy_srp_sweep/L2Halo-3/L2Halo-3_init_srpMean_0p0_srpSigma_0p01_dt_864000_n100000_o4_particles.csv
[2026-07-15 19:33:28] START radec orbit=L2Halo-3 dt=1296000 input=output/2026_07_for_wy_srp_sweep/L2Halo-3/L2Halo-3_init_srpMean_0p0_srpSigma_0p05_dt_1296000_n100000_o4_particles.csv
[2026-07-15 19:33:28] START radec orbit=L2Halo-3 dt=1728000 input=output/2026_07_for_wy_srp_sweep/L2Halo-3/L2Halo-3_init_srpMean_0p0_srpSigma_0p05_dt_1728000_n100000_o4_particles.csv
[2026-07-15 19:33:28] START radec orbit=L2Halo-3 dt=432000 input=output/2026_07_for_wy_srp_sweep/L2Halo-3/L2Halo-3_init_srpMean_0p0_srpSigma_0p05_dt_432000_n100000_o4_particles.csv
[2026-07-15 19:33:28] START radec orbit=L2Halo-3 dt=864000 input=output/2026_07_for_wy_srp_sweep/L2Halo-3/L2Halo-3_init_srpMean_0p0_srpSigma_0p05_dt_864000_n100000_o4_particles.csv
[2026-07-15 19:33:28] START radec orbit=L2Halo-3 dt=1296000 input=output/2026_07_for_wy_srp_sweep/L2Halo-3/L2Halo-3_init_srpMean_0p0_srpSigma_0p10_dt_1296000_n100000_o4_particles.csv
[2026-07-15 19:33:28] START radec orbit=L2Halo-3 dt=1728000 input=output/2026_07_for_wy_srp_sweep/L2Halo-3/L2Halo-3_init_srpMean_0p0_srpSigma_0p10_dt_1728000_n100000_o4_particles.csv
[2026-07-15 19:33:28] START radec orbit=L2Halo-3 dt=432000 input=output/2026_07_for_wy_srp_sweep/L2Halo-3/L2Halo-3_init_srpMean_0p0_srpSigma_0p10_dt_432000_n100000_o4_particles.csv
[2026-07-15 19:33:28] START radec orbit=L2Halo-3 dt=864000 input=output/2026_07_for_wy_srp_sweep/L2Halo-3/L2Halo-3_init_srpMean_0p0_srpSigma_0p10_dt_864000_n100000_o4_particles.csv
[2026-07-15 19:33:28] START radec orbit=L2Halo-3 dt=1296000 input=output/2026_07_for_wy_srp_sweep/L2Halo-3/L2Halo-3_init_srpMean_0p0_srpSigma_0p20_dt_1296000_n100000_o4_particles.csv
[2026-07-15 19:33:28] START radec orbit=L2Halo-3 dt=1728000 input=output/2026_07_for_wy_srp_sweep/L2Halo-3/L2Halo-3_init_srpMean_0p0_srpSigma_0p20_dt_1728000_n100000_o4_particles.csv
[2026-07-15 19:33:28] START radec orbit=L2Halo-3 dt=432000 input=output/2026_07_for_wy_srp_sweep/L2Halo-3/L2Halo-3_init_srpMean_0p0_srpSigma_0p20_dt_432000_n100000_o4_particles.csv
[2026-07-15 19:33:28] START radec orbit=L2Halo-3 dt=864000 input=output/2026_07_for_wy_srp_sweep/L2Halo-3/L2Halo-3_init_srpMean_0p0_srpSigma_0p20_dt_864000_n100000_o4_particles.csv
[2026-07-15 19:33:33] DONE  radec orbit=L2Halo-2 dt=1728000 output=output/2026_07_for_wy_srp_sweep/L2Halo-2/L2Halo-2_init_srpMean_0p0_srpSigma_0p20_dt_1728000_n100000_o4_radec_R91_deg.csv
[2026-07-15 19:33:33] DONE  radec orbit=L2Halo-3 dt=864000 output=output/2026_07_for_wy_srp_sweep/L2Halo-3/L2Halo-3_init_srpMean_0p0_srpSigma_0p10_dt_864000_n100000_o4_radec_R91_deg.csv
[2026-07-15 19:33:33] DONE  radec orbit=L2Halo-3 dt=1728000 output=output/2026_07_for_wy_srp_sweep/L2Halo-3/L2Halo-3_init_srpMean_0p0_srpSigma_0p01_dt_1728000_n100000_o4_radec_R91_deg.csv
[2026-07-15 19:33:33] DONE  radec orbit=L2Halo-3 dt=864000 output=output/2026_07_for_wy_srp_sweep/L2Halo-3/L2Halo-3_init_srpMean_0p0_srpSigma_0p05_dt_864000_n100000_o4_radec_R91_deg.csv
[2026-07-15 19:33:33] DONE  radec orbit=L2Halo-3 dt=1728000 output=output/2026_07_for_wy_srp_sweep/L2Halo-3/L2Halo-3_init_srpMean_0p0_srpSigma_0p10_dt_1728000_n100000_o4_radec_R91_deg.csv
[2026-07-15 19:33:33] DONE  radec orbit=L2Halo-3 dt=432000 output=output/2026_07_for_wy_srp_sweep/L2Halo-3/L2Halo-3_init_srpMean_0p0_srpSigma_0p10_dt_432000_n100000_o4_radec_R91_deg.csv
[2026-07-15 19:33:33] DONE  radec orbit=L2Halo-3 dt=432000 output=output/2026_07_for_wy_srp_sweep/L2Halo-3/L2Halo-3_init_srpMean_0p0_srpSigma_0p01_dt_432000_n100000_o4_radec_R91_deg.csv
[2026-07-15 19:33:33] DONE  radec orbit=L2Halo-3 dt=864000 output=output/2026_07_for_wy_srp_sweep/L2Halo-3/L2Halo-3_init_srpMean_0p0_srpSigma_0p01_dt_864000_n100000_o4_radec_R91_deg.csv
[2026-07-15 19:33:33] DONE  radec orbit=L2Halo-3 dt=1296000 output=output/2026_07_for_wy_srp_sweep/L2Halo-3/L2Halo-3_init_srpMean_0p0_srpSigma_0p05_dt_1296000_n100000_o4_radec_R91_deg.csv
[2026-07-15 19:33:33] DONE  radec orbit=L2Halo-3 dt=432000 output=output/2026_07_for_wy_srp_sweep/L2Halo-3/L2Halo-3_init_srpMean_0p0_srpSigma_0p20_dt_432000_n100000_o4_radec_R91_deg.csv
[2026-07-15 19:33:33] DONE  radec orbit=L2Halo-3 dt=432000 output=output/2026_07_for_wy_srp_sweep/L2Halo-3/L2Halo-3_init_srpMean_0p0_srpSigma_0p05_dt_432000_n100000_o4_radec_R91_deg.csv
[2026-07-15 19:33:33] DONE  radec orbit=L2Halo-3 dt=1728000 output=output/2026_07_for_wy_srp_sweep/L2Halo-3/L2Halo-3_init_srpMean_0p0_srpSigma_0p20_dt_1728000_n100000_o4_radec_R91_deg.csv
[2026-07-15 19:33:34] DONE  radec orbit=L2Halo-2 dt=432000 output=output/2026_07_for_wy_srp_sweep/L2Halo-2/L2Halo-2_init_srpMean_0p0_srpSigma_0p20_dt_432000_n100000_o4_radec_R91_deg.csv
[2026-07-15 19:33:34] DONE  radec orbit=L2Halo-3 dt=1296000 output=output/2026_07_for_wy_srp_sweep/L2Halo-3/L2Halo-3_init_srpMean_0p0_srpSigma_0p10_dt_1296000_n100000_o4_radec_R91_deg.csv
[2026-07-15 19:33:34] DONE  radec orbit=L2Halo-2 dt=1296000 output=output/2026_07_for_wy_srp_sweep/L2Halo-2/L2Halo-2_init_srpMean_0p0_srpSigma_0p20_dt_1296000_n100000_o4_radec_R91_deg.csv
[2026-07-15 19:33:34] DONE  radec orbit=L2Halo-2 dt=864000 output=output/2026_07_for_wy_srp_sweep/L2Halo-2/L2Halo-2_init_srpMean_0p0_srpSigma_0p20_dt_864000_n100000_o4_radec_R91_deg.csv
[2026-07-15 19:33:34] DONE  radec orbit=L2Halo-3 dt=864000 output=output/2026_07_for_wy_srp_sweep/L2Halo-3/L2Halo-3_init_srpMean_0p0_srpSigma_0p20_dt_864000_n100000_o4_radec_R91_deg.csv
[2026-07-15 19:33:34] DONE  radec orbit=L2Halo-3 dt=1296000 output=output/2026_07_for_wy_srp_sweep/L2Halo-3/L2Halo-3_init_srpMean_0p0_srpSigma_0p20_dt_1296000_n100000_o4_radec_R91_deg.csv
[2026-07-15 19:33:34] DONE  radec orbit=L2Halo-3 dt=1728000 output=output/2026_07_for_wy_srp_sweep/L2Halo-3/L2Halo-3_init_srpMean_0p0_srpSigma_0p05_dt_1728000_n100000_o4_radec_R91_deg.csv
[2026-07-15 19:33:34] DONE  radec orbit=L2Halo-3 dt=1296000 output=output/2026_07_for_wy_srp_sweep/L2Halo-3/L2Halo-3_init_srpMean_0p0_srpSigma_0p01_dt_1296000_n100000_o4_radec_R91_deg.csv
[2026-07-15 19:33:35] HALO RADEC batch finished status=0 cases=120 skipped=0
Project is up to date
 >>> 正在启动 POD 计算引擎...
 初始化SPICE系统...
 已加载闰秒内核: ./kernels/lsk/naif0012.tls
 已加载行星内核: ./kernels/pck/pck00010.tpc
 已加载星历内核: ./kernels/spk/de440.bsp
 已加载地球内核: ./kernels/pck/earth_latest_high_prec.bpc
 SPICE系统初始化完成
 默认配置已设置
 配置文件加载完成: config/config.txt
 >>> 正在初始化多体统一引力网...
 === 当前配置 ===
 
 轨道传播参数:
   长度单位 (LU):    384400.00000000000       km
   时间单位 (TU):    375190.26189464843       秒
   质量单位 (MU):    6.0456262922706885E+024  kg
   速度单位 (VU):    1.0245468474017529       km/s
   加速度单位 (AccU):    2.7307394446432630E-006  km/s²
   传播步长:    60.000000000000000       秒
   传播绝对容差:    9.9999999999999998E-013
   传播相对容差:    9.9999999999999998E-013
   最大传播步数:        10000
   RK4步长:    60.000000000000000       秒
   RKF45绝对容差:    9.9999999999999998E-013
   RKF45相对容差:    9.9999999999999998E-013
   RKF45最小步长:    9.9999999999999995E-007  秒
   RKF45最大步长:    3600.0000000000000       秒
   RKF78绝对容差:    9.9999999999999998E-013
   RKF78相对容差:    9.9999999999999998E-013
   RKF78最小步长:    9.9999999999999995E-007  秒
   RKF78最大步长:    3600.0000000000000       秒
 
 轨道改进参数:
   收敛容差:    1.0000000000000000E-008
   最大迭代次数:          100
   阻尼因子:   0.10000000000000001     
   自适应阻尼:  T
 
 坐标系统参数:
   参考坐标系: J2000
   中心天体: EARTH
   时间系统: UTC
   岁差修正:  T
   章动修正:  T
 
 输出参数:
   详细输出:  T
   保存结果:  T
   输出格式: CSV
   日期格式: YYYY-MM-DD HH:MM:SS
   数字格式: F20.12
   科学计数法:  F
   输出精度:           12  位
 
 数值计算参数:
   引力常数:    398600.44179999997       km³/s²
   数值容差:    1.0000000000000001E-015
   最大矩阵大小:         1000
 
 性能参数:
   最大线程数:            1
   并行计算:  F
   内存限制:    1000000000.0000000       bytes
   GPU加速:  F
 
 力模型参数 :
   地球高阶引力场: 启用 (          10 阶)
   月球高阶引力场: 启用 (          10 阶)
   第三体摄动:  T
   太阳辐射压:  T
   大气阻力:  F
   相对论效应:  T
  已激活的引力网络节点 (ID):   3 10 11 
 
 测量模型参数:
   测量噪声标准差(旧):    1.0000000000000000E-003
   使用测量权重:  T
   异常值阈值:    3.0000000000000000     
 
 滤波器噪声参数:
   RA 测量噪声 (角秒):    1.0000000000000000     
   Dec 测量噪声 (角秒):    1.0000000000000000     
   过程噪声 sigma_a (km/s²):    9.9999999999999994E-012
   启用过程噪声:  T
   GMM 权重 floor:    1.0000000000000000E-008
 
 文件I/O参数:
   数据目录: ./data/
   结果目录: ./results/
   自动备份:  T
   备份间隔:         3600  秒
 
 调试参数:
   调试模式:  F
   调试级别:            1
   保存中间结果:  F
   调试目录: ./debug/
 
 >>> 引擎点火完成，已挂载配置: config/config.txt
 --------------------------------------------------
 提取的初始时间为：2027-01-01T00:01:00.000000
============================================================
 HFEM ADS propagation: L1Halo-1, seven days, RKF78
============================================================

--- orbit-6D
DA independent variables : 6
DA order                 : 4
position half-width km   :   3.0000E+02   3.0000E+02   3.0000E+02
velocity half-width km/s :   9.0000E-04   9.0000E-04   9.0000E-04
 [DACE Engine] Initializing... Max Order =            4 , Variables =            6
 [DACE Engine] Initialization Complete.
 >>> 正在初始化多体统一引力网...
FAIL: orbit-6D satisfies truncation tolerance before the depth cap
accepted patches         : 83
BFS iterations           : 165
maximum queue size       : 51
domain construction wall:    12861.397 s
depth-limited patches    : 41
split count variable 1: 18
split count variable 2: 10
